  Determining projects to restore...
  All projects are up-to-date for restore.
  TwoSumLib -> C:\Users\shihab\source\repos\TwoSumSolution\Assignment\TwoSumLib\bin\Debug\TwoSumLib.dll
  TwoSumTest -> C:\Users\shihab\source\repos\TwoSumSolution\Assignment\TwoSumTest\bin\Debug\net8.0\TwoSumTest.dll
Test run for C:\Users\shihab\source\repos\TwoSumSolution\Assignment\TwoSumTest\bin\Debug\net8.0\TwoSumTest.dll (.NETCoreApp,Version=v8.0)
VSTest version 17.12.0 (x64)

Starting test execution, please wait...
A total of 1 test files matched the specified pattern.
C:\Users\shihab\source\repos\TwoSumSolution\Assignment\TwoSumTest\bin\Debug\net8.0\TwoSumTest.dll
[xUnit.net 00:00:00.00] xUnit.net VSTest Adapter v2.5.3.1+6b60a9e56a (64-bit .NET 8.0.13)
[xUnit.net 00:00:00.18]   Discovering: TwoSumTest
[xUnit.net 00:00:00.25]   Discovered:  TwoSumTest
[xUnit.net 00:00:00.26]   Starting:    TwoSumTest
[xUnit.net 00:00:00.40]   Finished:    TwoSumTest
  Passed TwoSumTest.TwoSumSolveTests.DuplicateCase [28 ms]
  Passed TwoSumTest.TwoSumSolveTests.NoSolutionCase [< 1 ms]
  Passed TwoSumTest.TwoSumSolveTests.EdgeCase_MinInput [< 1 ms]
  Passed TwoSumTest.TwoSumSolveTests.NormalCase [< 1 ms]

Test Run Successful.
Total tests: 4
     Passed: 4
 Total time: 1.4791 Seconds
